    +0000000001                                                       
    +0000000002                                                       
    +0000000003                                                       
    +0000000005                                                       
    +0000000008                                                       
    +0000000013                                                       
    +0000000021                                                       
    +0000000034                                                       
    +0000000055                                                       
    +0000000089    
